[art-template.ru/vcard1/demo_new.html]
[backblue.gif]
[fade.gif]
[index.html]
[art-template.ru/vcard1/assets/images/favicons/apple-touch-icon-144x144.png]
[art-template.ru/vcard1/assets/images/favicons/apple-touch-icon-114x114.png]
[art-template.ru/vcard1/assets/images/favicons/apple-touch-icon-72x72.png]
[art-template.ru/vcard1/assets/images/favicons/apple-touch-icon-57x57.png]
[art-template.ru/vcard1/assets/images/favicons/favicon.png]
[art-template.ru/vcard1/assets/styles/style.css]
[art-template.ru/vcard1/assets/demo/style-demo.css]
[art-template.ru/vcard1/assets/demo/temp_1.jpg]
[art-template.ru/vcard1/assets/demo/temp_2.jpg]
[art-template.ru/vcard1/about.html]
[art-template.ru/vcard1/assets/demo/light-image.jpg]
[art-template.ru/vcard1/dark/about.html]
[art-template.ru/vcard1/assets/demo/dark-image.jpg]
[art-template.ru/vcard1/assets/js/jquery-3.4.1.min.js]
[art-template.ru/vcard1/assets/js/plugins.min.js]
[art-template.ru/vcard1/assets/js/common.js]
[art-template.ru/vcard1/assets/demo/plugins-demo.js]
[art-template.ru/vcard1/demo_new.html]
[art-template.ru/vcard1/assets/images/social.html]
[art-template.ru/vcard1/assets/styles/vendors/bootstrap.min.css]
[art-template.ru/vcard1/assets/styles/vendors/swiper.min.css]
[art-template.ru/vcard1/assets/styles/vendors/simplebar.min.css]
[art-template.ru/vcard1/assets/icons/style.css]
[art-template.ru/vcard1/assets/styles/style.css]
[art-template.ru/vcard1/assets/demo/style-demo.css]
[art-template.ru/vcard1/assets/demo/v-logo.svg]
[art-template.ru/vcard1/assets/img/avatar-1.jpg]
[art-template.ru/vcard1/resume.html]
[art-template.ru/vcard1/portfolio.html]
[art-template.ru/vcard1/blog.html]
[art-template.ru/vcard1/contact.html]
[art-template.ru/vcard1/assets/img/avatar-2.jpg]
[art-template.ru/vcard1/assets/img/avatar-3.jpg]
[art-template.ru/vcard1/assets/img/avatar-4.jpg]
[art-template.ru/vcard1/assets/img/avatar-5.jpg]
[art-template.ru/vcard1/rtl/about.html]
[art-template.ru/vcard1/one-page.html]
[art-template.ru/vcard1/background-3.html]
[art-template.ru/vcard1/background-2.html]
[art-template.ru/vcard1/background-5.html]
[art-template.ru/vcard1/background-4.html]
[art-template.ru/vcard1/menu_alternative/about.html]
[art-template.ru/vcard1/about.html]
[art-template.ru/vcard1/assets/styles/style-dark.css]
[art-template.ru/vcard1/dark/resume.html]
[art-template.ru/vcard1/dark/portfolio.html]
[art-template.ru/vcard1/dark/blog.html]
[art-template.ru/vcard1/dark/contact.html]
[art-template.ru/vcard1/dark/one-page.html]
[art-template.ru/vcard1/dark/about.html]
[art-template.ru/vcard1/assets/styles/vendors/bootstrap.min.css]
[art-template.ru/vcard1/assets/styles/vendors/swiper.min.css]
[art-template.ru/vcard1/assets/styles/vendors/simplebar.min.css]
[art-template.ru/vcard1/assets/icons/style.css]
[art-template.ru/vcard1/assets/images/triangles-top.svg]
[art-template.ru/vcard1/assets/images/triangles-bottom.svg]
[art-template.ru/vcard1/assets/images/triangle-2-top.svg]
[art-template.ru/vcard1/assets/images/triangle-2-bottom.svg]
[art-template.ru/vcard1/assets/images/icon-quote.svg]
[art-template.ru/vcard1/assets/images/icon-map-pic.svg]
[art-template.ru/vcard1/assets/icons/icon-news.svg]
[art-template.ru/vcard1/assets/icons/icon-quote.svg]
[art-template.ru/vcard1/assets/demo/html-5.svg]
[art-template.ru/vcard1/assets/demo/iconSideMenu.svg]
[art-template.ru/vcard1/assets/demo/iconClose.svg]
[art-template.ru/vcard1/resume.html]
[art-template.ru/vcard1/assets/img/image_01.jpg]
[art-template.ru/vcard1/assets/img/image_02.jpg]
[art-template.ru/vcard1/assets/img/image_03.jpg]
[art-template.ru/vcard1/assets/img/image_04.jpg]
[art-template.ru/vcard1/assets/img/image_05.jpg]
[art-template.ru/vcard1/assets/img/image_06.jpg]
[art-template.ru/vcard1/assets/img/image_07.jpg]
[art-template.ru/vcard1/assets/img/image_08.jpg]
[art-template.ru/vcard1/assets/img/image_09.jpg]
[art-template.ru/vcard1/portfolio.html]
[art-template.ru/vcard1/single-post.html]
[art-template.ru/vcard1/blog.html]
[api.mapbox.com/mapbox-gl-js/v1.4.1/mapbox-gl.js]
[api.mapbox.com/mapbox-gl-js/v1.4.1/mapbox-gl.css]
[art-template.ru/vcard1/assets/js/mapbox.init.js]
[art-template.ru/vcard1/contact.html]
[art-template.ru/vcard1/assets/icons/icon-design.svg]
[art-template.ru/vcard1/assets/icons/icon-dev.svg]
[art-template.ru/vcard1/assets/icons/icon-app.svg]
[art-template.ru/vcard1/assets/icons/icon-photo.svg]
[art-template.ru/vcard1/assets/img/logo-partner.svg]
[art-template.ru/vcard1/assets/styles/style-rtl-demo.css]
[art-template.ru/vcard1/assets/styles/style-rtl.css]
[art-template.ru/vcard1/rtl/resume.html]
[art-template.ru/vcard1/rtl/portfolio.html]
[art-template.ru/vcard1/rtl/blog.html]
[art-template.ru/vcard1/rtl/contact.html]
[art-template.ru/vcard1/rtl/one-page.html]
[art-template.ru/vcard1/rtl/background-3.html]
[art-template.ru/vcard1/rtl/background-2.html]
[art-template.ru/vcard1/rtl/background-5.html]
[art-template.ru/vcard1/rtl/background-4.html]
[art-template.ru/vcard1/rtl/about.html]
[art-template.ru/vcard1/one-page.html]
[art-template.ru/vcard1/background-3.html]
[art-template.ru/vcard1/background-2.html]
[art-template.ru/vcard1/background-5.html]
[art-template.ru/vcard1/background-4.html]
[art-template.ru/vcard1/menu_alternative/resume.html]
[art-template.ru/vcard1/menu_alternative/portfolio.html]
[art-template.ru/vcard1/menu_alternative/blog.html]
[art-template.ru/vcard1/menu_alternative/contact.html]
[art-template.ru/vcard1/menu_alternative/one-page.html]
[art-template.ru/vcard1/menu_alternative/background-3.html]
[art-template.ru/vcard1/menu_alternative/background-2.html]
[art-template.ru/vcard1/menu_alternative/background-5.html]
[art-template.ru/vcard1/menu_alternative/background-4.html]
[art-template.ru/vcard1/menu_alternative/about.html]
[art-template.ru/assets/images/social.html]
[art-template.ru/vcard1/assets/styles/style-dark.css]
[art-template.ru/vcard1/dark/resume.html]
[art-template.ru/vcard1/dark/portfolio.html]
[art-template.ru/vcard1/dark/single-post.html]
[art-template.ru/vcard1/dark/blog.html]
[art-template.ru/vcard1/dark/contact.html]
[art-template.ru/vcard1/assets/icons/dark/icon-design.svg]
[art-template.ru/vcard1/assets/icons/dark/icon-dev.svg]
[art-template.ru/vcard1/assets/icons/dark/icon-app.svg]
[art-template.ru/vcard1/assets/icons/dark/icon-photo.svg]
[art-template.ru/vcard1/assets/img/logo-partner-white.svg]
[art-template.ru/vcard1/dark/one-page.html]
[art-template.ru/vcard1/dark/background-3.html]
[art-template.ru/vcard1/dark/background-2.html]
[art-template.ru/vcard1/dark/background-5.html]
[art-template.ru/vcard1/dark/background-4.html]
[art-template.ru/vcard1/dark/menu_alternative/about.html]
[art-template.ru/vcard1/assets/icons/icomoon8f82.html]
[art-template.ru/vcard1/assets/icons/icomoon8f82-2.html]
[art-template.ru/vcard1/assets/icons/icomoon8f82.svg]
[art-template.ru/vcard1/assets/icons/icon-education.svg]
[art-template.ru/vcard1/assets/icons/icon-experience.svg]
[art-template.ru/vcard1/assets/img/avatar-6.jpg]
[art-template.ru/vcard1/single-post.html]
[api.mapbox.com/mapbox-gl-js/v1.4.1/mapbox-gl.css]
[art-template.ru/vcard1/assets/styles/style-rtl-demo.css]
[art-template.ru/vcard1/assets/styles/style-rtl.css]
[art-template.ru/vcard1/rtl/resume.html]
[art-template.ru/vcard1/rtl/portfolio.html]
[art-template.ru/vcard1/assets/styles/vendors/rtl/bootstrap.min.css]
[art-template.ru/vcard1/rtl/single-post.html]
[art-template.ru/vcard1/rtl/blog.html]
[art-template.ru/vcard1/rtl/contact.html]
[art-template.ru/vcard1/rtl/one-page.html]
[art-template.ru/vcard1/rtl/background-3.html]
[art-template.ru/vcard1/rtl/background-2.html]
[art-template.ru/vcard1/rtl/background-5.html]
[art-template.ru/vcard1/rtl/background-4.html]
[art-template.ru/vcard1/rtl/menu_alternative/about.html]
[art-template.ru/vcard1/menu_alternative/resume.html]
[art-template.ru/vcard1/menu_alternative/portfolio.html]
[art-template.ru/vcard1/menu_alternative/single-post.html]
[art-template.ru/vcard1/menu_alternative/blog.html]
[art-template.ru/vcard1/menu_alternative/contact.html]
[art-template.ru/vcard1/menu_alternative/one-page.html]
[art-template.ru/vcard1/menu_alternative/background-3.html]
[art-template.ru/vcard1/menu_alternative/background-2.html]
[art-template.ru/vcard1/menu_alternative/background-5.html]
[art-template.ru/vcard1/menu_alternative/background-4.html]
[art-template.ru/vcard1/menu_alternative/menu_alternative/about.html]
[art-template.ru/vcard1/assets/icons/dark/icon-quote.svg]
[art-template.ru/vcard1/assets/icons/dark/icon-education.svg]
[art-template.ru/vcard1/assets/icons/dark/icon-experience.svg]
[art-template.ru/vcard1/dark/single-post.html]
[art-template.ru/vcard1/assets/icons/emoji/emoji-nerd.svg]
[art-template.ru/vcard1/assets/icons/emoji/emoji-laughing.svg]
[art-template.ru/vcard1/assets/icons/emoji/emoji-happy-2.svg]
[art-template.ru/vcard1/assets/icons/emoji/emoji-crazy.svg]
[art-template.ru/vcard1/assets/icons/emoji/emoji-bad.svg]
[art-template.ru/vcard1/assets/icons/emoji/emoji-angry.svg]
[art-template.ru/vcard1/assets/icons/emoji/emoji-happy.svg]
[art-template.ru/vcard1/assets/icons/emoji/emoji-thinking.svg]
[art-template.ru/vcard1/assets/icons/emoji/emoji-sad.svg]
[art-template.ru/vcard1/assets/icons/emoji/emoji-pressure.svg]
[art-template.ru/vcard1/assets/icons/emoji/emoji-in-love.svg]
[art-template.ru/vcard1/assets/icons/emoji/emoji-happy-3.svg]
[art-template.ru/vcard1/assets/icons/emoji/emoji-shocked.svg]
[art-template.ru/vcard1/assets/icons/emoji/emoji-wink.svg]
[art-template.ru/vcard1/assets/icons/emoji/emoji-sweating.svg]
[art-template.ru/vcard1/assets/icons/emoji/emoji-shocked-2.svg]
[art-template.ru/vcard1/assets/icons/emoji/emoji-shocked-3.svg]
[art-template.ru/vcard1/assets/icons/emoji/emoji-sad-2.svg]
[art-template.ru/vcard1/assets/styles/vendors/rtl/bootstrap.min.css]
[art-template.ru/vcard1/rtl/single-post.html]
[art-template.ru/vcard1/menu_alternative/single-post.html]
